<!DOCTYPE HTML>
<!-- NewPage -->
<html lang>
<head>
<!-- Generated by javadoc (16) on Fri Jun 20 07:27:34 CEST 2025 -->
<title>CheckLeftBeforeRight (vmlens-maven-plugin-integtest 1.2.6-SNAPSHOT API)</title>
<meta name="viewport" content="width=device-width, initial-scale=1">
<meta http-equiv="Content-Type" content="text/html; charset=UTF-8">
<meta name="dc.created" content="2025-06-20">
<meta name="description" content="declaration: package: com.vmlens.expected.check, class: CheckLeftBeforeRight">
<meta name="generator" content="javadoc/ClassWriterImpl">
<link rel="stylesheet" type="text/css" href="../../../../stylesheet.css" title="Style">
<link rel="stylesheet" type="text/css" href="../../../../script-dir/jquery-ui.min.css" title="Style">
<link rel="stylesheet" type="text/css" href="../../../../jquery-ui.overrides.css" title="Style">
<script type="text/javascript" src="../../../../script.js"></script>
<script type="text/javascript" src="../../../../script-dir/jquery-3.5.1.min.js"></script>
<script type="text/javascript" src="../../../../script-dir/jquery-ui.min.js"></script>
</head>
<body class="class-declaration-page">
<script type="text/javascript">var evenRowColor = "even-row-color";
var oddRowColor = "odd-row-color";
var tableTab = "table-tab";
var activeTableTab = "active-table-tab";
var pathtoroot = "../../../../";
loadScripts(document, 'script');</script>
<noscript>
<div>JavaScript is disabled on your browser.</div>
</noscript>
<div class="flex-box">
<header role="banner" class="flex-header">
<nav role="navigation">
<!-- ========= START OF TOP NAVBAR ======= -->
<div class="top-nav" id="navbar.top">
<div class="skip-nav"><a href="#skip.navbar.top" title="Skip navigation links">Skip navigation links</a></div>
<ul id="navbar.top.firstrow" class="nav-list" title="Navigation">
<li><a href="../../../../index.html">Overview</a></li>
<li><a href="package-summary.html">Package</a></li>
<li class="nav-bar-cell1-rev">Class</li>
<li><a href="class-use/CheckLeftBeforeRight.html">Use</a></li>
<li><a href="package-tree.html">Tree</a></li>
<li><a href="../../../../index-all.html">Index</a></li>
<li><a href="../../../../help-doc.html">Help</a></li>
</ul>
</div>
<div class="sub-nav">
<div>
<ul class="sub-nav-list">
<li>Summary:&nbsp;</li>
<li>Nested&nbsp;|&nbsp;</li>
<li>Field&nbsp;|&nbsp;</li>
<li><a href="#constructor.summary">Constr</a>&nbsp;|&nbsp;</li>
<li><a href="#method.summary">Method</a></li>
</ul>
<ul class="sub-nav-list">
<li>Detail:&nbsp;</li>
<li>Field&nbsp;|&nbsp;</li>
<li><a href="#constructor.detail">Constr</a>&nbsp;|&nbsp;</li>
<li><a href="#method.detail">Method</a></li>
</ul>
</div>
<div class="nav-list-search"><label for="search">SEARCH:</label>
<input type="text" id="search" value="search" disabled="disabled">
<input type="reset" id="reset" value="reset" disabled="disabled">
</div>
</div>
<!-- ========= END OF TOP NAVBAR ========= -->
<span class="skip-nav" id="skip.navbar.top">
<!--   -->
</span></nav>
</header>
<div class="flex-content">
<main role="main">
<!-- ======== START OF CLASS DATA ======== -->
<div class="header">
<div class="sub-title"><span class="package-label-in-type">Package</span>&nbsp;<a href="package-summary.html">com.vmlens.expected.check</a></div>
<h1 title="Class CheckLeftBeforeRight" class="title">Class CheckLeftBeforeRight</h1>
</div>
<div class="inheritance" title="Inheritance Tree"><a href="https://docs.oracle.com/javase/8/docs/api/java/lang/Object.html" title="class or interface in java.lang" class="external-link">java.lang.Object</a>
<div class="inheritance">com.vmlens.expected.check.CheckLeftBeforeRight</div>
</div>
<section class="description">
<dl class="notes">
<dt>All Implemented Interfaces:</dt>
<dd><code>com.vmlens.report.assertion.OnDescription</code>, <code>com.vmlens.report.assertion.OnDescriptionAndLeftBeforeRight</code>, <code><a href="https://github.com/vmlens/vlmens/apidocs/com/vmlens/trace/agent/bootstrap/description/ThreadOrLoopDescriptionVisitor.html" title="class or interface in com.vmlens.trace.agent.bootstrap.description" class="external-link">ThreadOrLoopDescriptionVisitor</a></code></dd>
</dl>
<hr>
<div class="type-signature"><span class="modifiers">public class </span><span class="element-name type-name-label">CheckLeftBeforeRight</span>
<span class="extends-implements">extends <a href="https://docs.oracle.com/javase/8/docs/api/java/lang/Object.html" title="class or interface in java.lang" class="external-link">Object</a>
implements com.vmlens.report.assertion.OnDescriptionAndLeftBeforeRight, <a href="https://github.com/vmlens/vlmens/apidocs/com/vmlens/trace/agent/bootstrap/description/ThreadOrLoopDescriptionVisitor.html" title="class or interface in com.vmlens.trace.agent.bootstrap.description" class="external-link">ThreadOrLoopDescriptionVisitor</a></span></div>
</section>
<section class="summary">
<ul class="summary-list">
<!-- ======== CONSTRUCTOR SUMMARY ======== -->
<li>
<section class="constructor-summary" id="constructor.summary">
<h2>Constructor Summary</h2>
<div class="caption"><span>Constructors</span></div>
<div class="summary-table two-column-summary">
<div class="table-header col-first">Constructor</div>
<div class="table-header col-last">Description</div>
<div class="col-constructor-name even-row-color"><code><span class="member-name-link"><a href="#%3Cinit%3E(com.vmlens.expected.domain.TestCaseCollection,java.util.Map)">CheckLeftBeforeRight</a></span>&#8203;(<a href="../domain/TestCaseCollection.html" title="class in com.vmlens.expected.domain">TestCaseCollection</a>&nbsp;testCaseCollection,
 <a href="https://docs.oracle.com/javase/8/docs/api/java/util/Map.html" title="class or interface in java.util" class="external-link">Map</a>&lt;<a href="https://docs.oracle.com/javase/8/docs/api/java/lang/String.html" title="class or interface in java.lang" class="external-link">String</a>,&#8203;<a href="https://docs.oracle.com/javase/8/docs/api/java/lang/Integer.html" title="class or interface in java.lang" class="external-link">Integer</a>&gt;&nbsp;loopNameToId)</code></div>
<div class="col-last even-row-color">&nbsp;</div>
</div>
</section>
</li>
<!-- ========== METHOD SUMMARY =========== -->
<li>
<section class="method-summary" id="method.summary">
<h2>Method Summary</h2>
<div id="method-summary-table">
<div class="table-tabs" role="tablist" aria-orientation="horizontal"><button id="method-summary-table-tab0" role="tab" aria-selected="true" aria-controls="method-summary-table.tabpanel" tabindex="0" onkeydown="switchTab(event)" onclick="show('method-summary-table', 'method-summary-table', 3)" class="active-table-tab">All Methods</button><button id="method-summary-table-tab2" role="tab" aria-selected="false" aria-controls="method-summary-table.tabpanel" tabindex="-1" onkeydown="switchTab(event)" onclick="show('method-summary-table', 'method-summary-table-tab2', 3)" class="table-tab">Instance Methods</button><button id="method-summary-table-tab4" role="tab" aria-selected="false" aria-controls="method-summary-table.tabpanel" tabindex="-1" onkeydown="switchTab(event)" onclick="show('method-summary-table', 'method-summary-table-tab4', 3)" class="table-tab">Concrete Methods</button></div>
<div id="method-summary-table.tabpanel" role="tabpanel">
<div class="summary-table three-column-summary" aria-labelledby="method-summary-table-tab0">
<div class="table-header col-first">Modifier and Type</div>
<div class="table-header col-second">Method</div>
<div class="table-header col-last">Description</div>
<div class="col-first even-row-color method-summary-table-tab2 method-summary-table-tab4 method-summary-table"><code>void</code></div>
<div class="col-second even-row-color method-summary-table-tab2 method-summary-table-tab4 method-summary-table"><code><span class="member-name-link"><a href="#onClassDescription(com.vmlens.trace.agent.bootstrap.description.ClassDescription)">onClassDescription</a></span>&#8203;(<a href="https://github.com/vmlens/vlmens/apidocs/com/vmlens/trace/agent/bootstrap/description/ClassDescription.html" title="class or interface in com.vmlens.trace.agent.bootstrap.description" class="external-link">ClassDescription</a>&nbsp;classDescription)</code></div>
<div class="col-last even-row-color method-summary-table-tab2 method-summary-table-tab4 method-summary-table">&nbsp;</div>
<div class="col-first odd-row-color method-summary-table-tab2 method-summary-table-tab4 method-summary-table"><code>void</code></div>
<div class="col-second odd-row-color method-summary-table-tab2 method-summary-table-tab4 method-summary-table"><code><span class="member-name-link"><a href="#onLeftBeforeRight(com.vmlens.report.assertion.LeftBeforeRight)">onLeftBeforeRight</a></span>&#8203;(com.vmlens.report.assertion.LeftBeforeRight&nbsp;leftBeforeRight)</code></div>
<div class="col-last odd-row-color method-summary-table-tab2 method-summary-table-tab4 method-summary-table">&nbsp;</div>
<div class="col-first even-row-color method-summary-table-tab2 method-summary-table-tab4 method-summary-table"><code>void</code></div>
<div class="col-second even-row-color method-summary-table-tab2 method-summary-table-tab4 method-summary-table"><code><span class="member-name-link"><a href="#onThreadOrLoopDescription(com.vmlens.trace.agent.bootstrap.description.ThreadOrLoopDescription)">onThreadOrLoopDescription</a></span>&#8203;(<a href="https://github.com/vmlens/vlmens/apidocs/com/vmlens/trace/agent/bootstrap/description/ThreadOrLoopDescription.html" title="class or interface in com.vmlens.trace.agent.bootstrap.description" class="external-link">ThreadOrLoopDescription</a>&nbsp;threadOrLoopDescription)</code></div>
<div class="col-last even-row-color method-summary-table-tab2 method-summary-table-tab4 method-summary-table">&nbsp;</div>
<div class="col-first odd-row-color method-summary-table-tab2 method-summary-table-tab4 method-summary-table"><code>void</code></div>
<div class="col-second odd-row-color method-summary-table-tab2 method-summary-table-tab4 method-summary-table"><code><span class="member-name-link"><a href="#startRun(int,int)">startRun</a></span>&#8203;(int&nbsp;loopId,
 int&nbsp;runId)</code></div>
<div class="col-last odd-row-color method-summary-table-tab2 method-summary-table-tab4 method-summary-table">&nbsp;</div>
<div class="col-first even-row-color method-summary-table-tab2 method-summary-table-tab4 method-summary-table"><code>void</code></div>
<div class="col-second even-row-color method-summary-table-tab2 method-summary-table-tab4 method-summary-table"><code><span class="member-name-link"><a href="#visit(com.vmlens.trace.agent.bootstrap.description.TestLoopDescription)">visit</a></span>&#8203;(<a href="https://github.com/vmlens/vlmens/apidocs/com/vmlens/trace/agent/bootstrap/description/TestLoopDescription.html" title="class or interface in com.vmlens.trace.agent.bootstrap.description" class="external-link">TestLoopDescription</a>&nbsp;testLoopDescription)</code></div>
<div class="col-last even-row-color method-summary-table-tab2 method-summary-table-tab4 method-summary-table">&nbsp;</div>
<div class="col-first odd-row-color method-summary-table-tab2 method-summary-table-tab4 method-summary-table"><code>void</code></div>
<div class="col-second odd-row-color method-summary-table-tab2 method-summary-table-tab4 method-summary-table"><code><span class="member-name-link"><a href="#visit(com.vmlens.trace.agent.bootstrap.description.ThreadDescription)">visit</a></span>&#8203;(<a href="https://github.com/vmlens/vlmens/apidocs/com/vmlens/trace/agent/bootstrap/description/ThreadDescription.html" title="class or interface in com.vmlens.trace.agent.bootstrap.description" class="external-link">ThreadDescription</a>&nbsp;threadDescription)</code></div>
<div class="col-last odd-row-color method-summary-table-tab2 method-summary-table-tab4 method-summary-table">&nbsp;</div>
</div>
</div>
</div>
<div class="inherited-list">
<h3 id="methods.inherited.from.class.java.lang.Object">Methods inherited from class&nbsp;java.lang.<a href="https://docs.oracle.com/javase/8/docs/api/java/lang/Object.html" title="class or interface in java.lang" class="external-link">Object</a></h3>
<code><a href="https://docs.oracle.com/javase/8/docs/api/java/lang/Object.html#clone()" title="class or interface in java.lang" class="external-link">clone</a>, <a href="https://docs.oracle.com/javase/8/docs/api/java/lang/Object.html#equals(java.lang.Object)" title="class or interface in java.lang" class="external-link">equals</a>, <a href="https://docs.oracle.com/javase/8/docs/api/java/lang/Object.html#finalize()" title="class or interface in java.lang" class="external-link">finalize</a>, <a href="https://docs.oracle.com/javase/8/docs/api/java/lang/Object.html#getClass()" title="class or interface in java.lang" class="external-link">getClass</a>, <a href="https://docs.oracle.com/javase/8/docs/api/java/lang/Object.html#hashCode()" title="class or interface in java.lang" class="external-link">hashCode</a>, <a href="https://docs.oracle.com/javase/8/docs/api/java/lang/Object.html#notify()" title="class or interface in java.lang" class="external-link">notify</a>, <a href="https://docs.oracle.com/javase/8/docs/api/java/lang/Object.html#notifyAll()" title="class or interface in java.lang" class="external-link">notifyAll</a>, <a href="https://docs.oracle.com/javase/8/docs/api/java/lang/Object.html#toString()" title="class or interface in java.lang" class="external-link">toString</a>, <a href="https://docs.oracle.com/javase/8/docs/api/java/lang/Object.html#wait()" title="class or interface in java.lang" class="external-link">wait</a>, <a href="https://docs.oracle.com/javase/8/docs/api/java/lang/Object.html#wait(long)" title="class or interface in java.lang" class="external-link">wait</a>, <a href="https://docs.oracle.com/javase/8/docs/api/java/lang/Object.html#wait(long,int)" title="class or interface in java.lang" class="external-link">wait</a></code></div>
</section>
</li>
</ul>
</section>
<section class="details">
<ul class="details-list">
<!-- ========= CONSTRUCTOR DETAIL ======== -->
<li>
<section class="constructor-details" id="constructor.detail">
<h2>Constructor Details</h2>
<ul class="member-list">
<li>
<section class="detail" id="&lt;init&gt;(com.vmlens.expected.domain.TestCaseCollection,java.util.Map)">
<h3>CheckLeftBeforeRight</h3>
<div class="member-signature"><span class="modifiers">public</span>&nbsp;<span class="element-name">CheckLeftBeforeRight</span>&#8203;<span class="parameters">(<a href="../domain/TestCaseCollection.html" title="class in com.vmlens.expected.domain">TestCaseCollection</a>&nbsp;testCaseCollection,
 <a href="https://docs.oracle.com/javase/8/docs/api/java/util/Map.html" title="class or interface in java.util" class="external-link">Map</a>&lt;<a href="https://docs.oracle.com/javase/8/docs/api/java/lang/String.html" title="class or interface in java.lang" class="external-link">String</a>,&#8203;<a href="https://docs.oracle.com/javase/8/docs/api/java/lang/Integer.html" title="class or interface in java.lang" class="external-link">Integer</a>&gt;&nbsp;loopNameToId)</span></div>
</section>
</li>
</ul>
</section>
</li>
<!-- ============ METHOD DETAIL ========== -->
<li>
<section class="method-details" id="method.detail">
<h2>Method Details</h2>
<ul class="member-list">
<li>
<section class="detail" id="startRun(int,int)">
<h3>startRun</h3>
<div class="member-signature"><span class="modifiers">public</span>&nbsp;<span class="return-type">void</span>&nbsp;<span class="element-name">startRun</span>&#8203;<span class="parameters">(int&nbsp;loopId,
 int&nbsp;runId)</span></div>
<dl class="notes">
<dt>Specified by:</dt>
<dd><code>startRun</code>&nbsp;in interface&nbsp;<code>com.vmlens.report.assertion.OnDescriptionAndLeftBeforeRight</code></dd>
</dl>
</section>
</li>
<li>
<section class="detail" id="onLeftBeforeRight(com.vmlens.report.assertion.LeftBeforeRight)">
<h3>onLeftBeforeRight</h3>
<div class="member-signature"><span class="modifiers">public</span>&nbsp;<span class="return-type">void</span>&nbsp;<span class="element-name">onLeftBeforeRight</span>&#8203;<span class="parameters">(com.vmlens.report.assertion.LeftBeforeRight&nbsp;leftBeforeRight)</span></div>
<dl class="notes">
<dt>Specified by:</dt>
<dd><code>onLeftBeforeRight</code>&nbsp;in interface&nbsp;<code>com.vmlens.report.assertion.OnDescriptionAndLeftBeforeRight</code></dd>
</dl>
</section>
</li>
<li>
<section class="detail" id="onThreadOrLoopDescription(com.vmlens.trace.agent.bootstrap.description.ThreadOrLoopDescription)">
<h3>onThreadOrLoopDescription</h3>
<div class="member-signature"><span class="modifiers">public</span>&nbsp;<span class="return-type">void</span>&nbsp;<span class="element-name">onThreadOrLoopDescription</span>&#8203;<span class="parameters">(<a href="https://github.com/vmlens/vlmens/apidocs/com/vmlens/trace/agent/bootstrap/description/ThreadOrLoopDescription.html" title="class or interface in com.vmlens.trace.agent.bootstrap.description" class="external-link">ThreadOrLoopDescription</a>&nbsp;threadOrLoopDescription)</span></div>
<dl class="notes">
<dt>Specified by:</dt>
<dd><code>onThreadOrLoopDescription</code>&nbsp;in interface&nbsp;<code>com.vmlens.report.assertion.OnDescription</code></dd>
</dl>
</section>
</li>
<li>
<section class="detail" id="visit(com.vmlens.trace.agent.bootstrap.description.ThreadDescription)">
<h3>visit</h3>
<div class="member-signature"><span class="modifiers">public</span>&nbsp;<span class="return-type">void</span>&nbsp;<span class="element-name">visit</span>&#8203;<span class="parameters">(<a href="https://github.com/vmlens/vlmens/apidocs/com/vmlens/trace/agent/bootstrap/description/ThreadDescription.html" title="class or interface in com.vmlens.trace.agent.bootstrap.description" class="external-link">ThreadDescription</a>&nbsp;threadDescription)</span></div>
<dl class="notes">
<dt>Specified by:</dt>
<dd><code><a href="https://github.com/vmlens/vlmens/apidocs/com/vmlens/trace/agent/bootstrap/description/ThreadOrLoopDescriptionVisitor.html#visit(com.vmlens.trace.agent.bootstrap.description.ThreadDescription)" title="class or interface in com.vmlens.trace.agent.bootstrap.description" class="external-link">visit</a></code>&nbsp;in interface&nbsp;<code><a href="https://github.com/vmlens/vlmens/apidocs/com/vmlens/trace/agent/bootstrap/description/ThreadOrLoopDescriptionVisitor.html" title="class or interface in com.vmlens.trace.agent.bootstrap.description" class="external-link">ThreadOrLoopDescriptionVisitor</a></code></dd>
</dl>
</section>
</li>
<li>
<section class="detail" id="visit(com.vmlens.trace.agent.bootstrap.description.TestLoopDescription)">
<h3>visit</h3>
<div class="member-signature"><span class="modifiers">public</span>&nbsp;<span class="return-type">void</span>&nbsp;<span class="element-name">visit</span>&#8203;<span class="parameters">(<a href="https://github.com/vmlens/vlmens/apidocs/com/vmlens/trace/agent/bootstrap/description/TestLoopDescription.html" title="class or interface in com.vmlens.trace.agent.bootstrap.description" class="external-link">TestLoopDescription</a>&nbsp;testLoopDescription)</span></div>
<dl class="notes">
<dt>Specified by:</dt>
<dd><code><a href="https://github.com/vmlens/vlmens/apidocs/com/vmlens/trace/agent/bootstrap/description/ThreadOrLoopDescriptionVisitor.html#visit(com.vmlens.trace.agent.bootstrap.description.TestLoopDescription)" title="class or interface in com.vmlens.trace.agent.bootstrap.description" class="external-link">visit</a></code>&nbsp;in interface&nbsp;<code><a href="https://github.com/vmlens/vlmens/apidocs/com/vmlens/trace/agent/bootstrap/description/ThreadOrLoopDescriptionVisitor.html" title="class or interface in com.vmlens.trace.agent.bootstrap.description" class="external-link">ThreadOrLoopDescriptionVisitor</a></code></dd>
</dl>
</section>
</li>
<li>
<section class="detail" id="onClassDescription(com.vmlens.trace.agent.bootstrap.description.ClassDescription)">
<h3>onClassDescription</h3>
<div class="member-signature"><span class="modifiers">public</span>&nbsp;<span class="return-type">void</span>&nbsp;<span class="element-name">onClassDescription</span>&#8203;<span class="parameters">(<a href="https://github.com/vmlens/vlmens/apidocs/com/vmlens/trace/agent/bootstrap/description/ClassDescription.html" title="class or interface in com.vmlens.trace.agent.bootstrap.description" class="external-link">ClassDescription</a>&nbsp;classDescription)</span></div>
<dl class="notes">
<dt>Specified by:</dt>
<dd><code>onClassDescription</code>&nbsp;in interface&nbsp;<code>com.vmlens.report.assertion.OnDescription</code></dd>
</dl>
</section>
</li>
</ul>
</section>
</li>
</ul>
</section>
<!-- ========= END OF CLASS DATA ========= -->
</main>
<footer role="contentinfo">
<hr>
<p class="legal-copy"><small>Copyright &#169; 2025 <a href="https://www.vmlens.com">vmlens</a>. All rights reserved.</small></p>
</footer>
</div>
</div>
</body>
</html>
